// Jest Snapshot v1, https://goo.gl/fbAQLP

exports[`Accordion Component renders an empty li 1`] = `
<ul>
  <li>
    <p>
      0
    </p>
  </li>
  <button
    onClick={[Function]}
  >
    clicked
  </button>
</ul>
`;
